// Jest Snapshot v1, https://goo.gl/fbAQLP

exports[`Respond with a formatted time series for days 1`] = `
[MockFunction] {
  "calls": Array [
    Array [
      Array [
        Object {
          "date": "2022-03-02",
          "pageviews": 0,
          "visits": 0,
        },
        Object {
          "date": "2022-03-03",
          "pageviews": 0,
          "visits": 0,
        },
        Object {
          "date": "2022-03-04",
          "pageviews": 0,
          "visits": 0,
        },
        Object {
          "date": "2022-03-05",
          "pageviews": 0,
          "visits": 0,
        },
        Object {
          "date": "2022-03-06",
          "pageviews": 0,
          "visits": 0,
        },
        Object {
          "date": "2022-03-07",
          "pageviews": 0,
          "visits": 0,
        },
        Object {
          "date": "2022-03-08",
          "pageviews": 0,
          "visits": 0,
        },
        Object {
          "date": "2022-03-09",
          "pageviews": 0,
          "visits": 0,
        },
        Object {
          "date": "2022-03-10",
          "pageviews": 0,
          "visits": 0,
        },
        Object {
          "date": "2022-03-11",
          "pageviews": 0,
          "visits": 0,
        },
        Object {
          "date": "2022-03-12",
          "pageviews": 0,
          "visits": 0,
        },
        Object {
          "date": "2022-03-13",
          "pageviews": 0,
          "visits": 0,
        },
        Object {
          "date": "2022-03-14",
          "pageviews": 0,
          "visits": 0,
        },
        Object {
          "date": "2022-03-15",
          "pageviews": 0,
          "visits": 0,
        },
        Object {
          "date": "2022-03-16",
          "pageviews": 0,
          "visits": 0,
        },
        Object {
          "date": "2022-03-17",
          "pageviews": 0,
          "visits": 0,
        },
        Object {
          "date": "2022-03-18",
          "pageviews": 0,
          "visits": 0,
        },
        Object {
          "date": "2022-03-19",
          "pageviews": 0,
          "visits": 0,
        },
        Object {
          "date": "2022-03-20",
          "pageviews": 0,
          "visits": 0,
        },
        Object {
          "date": "2022-03-21",
          "pageviews": 0,
          "visits": 0,
        },
        Object {
          "date": "2022-03-22",
          "pageviews": 0,
          "visits": 0,
        },
        Object {
          "date": "2022-03-23",
          "pageviews": 0,
          "visits": 0,
        },
        Object {
          "date": "2022-03-24",
          "pageviews": 0,
          "visits": 0,
        },
        Object {
          "date": "2022-03-25",
          "pageviews": 0,
          "visits": 0,
        },
        Object {
          "date": "2022-03-26",
          "pageviews": 0,
          "visits": 0,
        },
        Object {
          "date": "2022-03-27",
          "pageviews": 0,
          "visits": 0,
        },
        Object {
          "date": "2022-03-28",
          "pageviews": 0,
          "visits": 0,
        },
        Object {
          "date": "2022-03-29",
          "pageviews": 0,
          "visits": 0,
        },
        Object {
          "date": "2022-03-30",
          "pageviews": 0,
          "visits": 0,
        },
        Object {
          "date": "2022-03-31",
          "pageviews": 0,
          "visits": 0,
        },
        Object {
          "date": "2022-04-01",
          "pageviews": 0,
          "visits": 0,
        },
        Object {
          "date": "2022-04-02",
          "pageviews": 0,
          "visits": 0,
        },
        Object {
          "date": "2022-04-03",
          "pageviews": 0,
          "visits": 0,
        },
        Object {
          "date": "2022-04-04",
          "pageviews": 0,
          "visits": 0,
        },
      ],
    ],
  ],
  "results": Array [
    Object {
      "type": "return",
      "value": undefined,
    },
  ],
}
`;

exports[`Respond with a formatted time series for months 1`] = `
[MockFunction] {
  "calls": Array [
    Array [
      Array [
        Object {
          "date": "2022-01",
          "pageviews": 0,
          "visits": 0,
        },
        Object {
          "date": "2022-02",
          "pageviews": 0,
          "visits": 0,
        },
        Object {
          "date": "2022-03",
          "pageviews": 0,
          "visits": 0,
        },
        Object {
          "date": "2022-04",
          "pageviews": 0,
          "visits": 0,
        },
      ],
    ],
  ],
  "results": Array [
    Object {
      "type": "return",
      "value": undefined,
    },
  ],
}
`;

exports[`Respond with a formatted time series for one story 1`] = `
[MockFunction] {
  "calls": Array [
    Array [
      Array [
        Object {
          "date": "2022-03-02",
          "pageviews": 0,
          "visits": 0,
        },
        Object {
          "date": "2022-03-03",
          "pageviews": 0,
          "visits": 0,
        },
        Object {
          "date": "2022-03-04",
          "pageviews": 0,
          "visits": 0,
        },
        Object {
          "date": "2022-03-05",
          "pageviews": 0,
          "visits": 0,
        },
        Object {
          "date": "2022-03-06",
          "pageviews": 0,
          "visits": 0,
        },
        Object {
          "date": "2022-03-07",
          "pageviews": 0,
          "visits": 0,
        },
        Object {
          "date": "2022-03-08",
          "pageviews": 0,
          "visits": 0,
        },
        Object {
          "date": "2022-03-09",
          "pageviews": 0,
          "visits": 0,
        },
        Object {
          "date": "2022-03-10",
          "pageviews": 0,
          "visits": 0,
        },
        Object {
          "date": "2022-03-11",
          "pageviews": 0,
          "visits": 0,
        },
        Object {
          "date": "2022-03-12",
          "pageviews": 0,
          "visits": 0,
        },
        Object {
          "date": "2022-03-13",
          "pageviews": 0,
          "visits": 0,
        },
        Object {
          "date": "2022-03-14",
          "pageviews": 0,
          "visits": 0,
        },
        Object {
          "date": "2022-03-15",
          "pageviews": 0,
          "visits": 0,
        },
        Object {
          "date": "2022-03-16",
          "pageviews": 0,
          "visits": 0,
        },
        Object {
          "date": "2022-03-17",
          "pageviews": 0,
          "visits": 0,
        },
        Object {
          "date": "2022-03-18",
          "pageviews": 0,
          "visits": 0,
        },
        Object {
          "date": "2022-03-19",
          "pageviews": 0,
          "visits": 0,
        },
        Object {
          "date": "2022-03-20",
          "pageviews": 0,
          "visits": 0,
        },
        Object {
          "date": "2022-03-21",
          "pageviews": 0,
          "visits": 0,
        },
        Object {
          "date": "2022-03-22",
          "pageviews": 0,
          "visits": 0,
        },
        Object {
          "date": "2022-03-23",
          "pageviews": 0,
          "visits": 0,
        },
        Object {
          "date": "2022-03-24",
          "pageviews": 0,
          "visits": 0,
        },
        Object {
          "date": "2022-03-25",
          "pageviews": 0,
          "visits": 0,
        },
        Object {
          "date": "2022-03-26",
          "pageviews": 0,
          "visits": 0,
        },
        Object {
          "date": "2022-03-27",
          "pageviews": 0,
          "visits": 0,
        },
        Object {
          "date": "2022-03-28",
          "pageviews": 0,
          "visits": 0,
        },
        Object {
          "date": "2022-03-29",
          "pageviews": 0,
          "visits": 0,
        },
        Object {
          "date": "2022-03-30",
          "pageviews": 0,
          "visits": 0,
        },
        Object {
          "date": "2022-03-31",
          "pageviews": 0,
          "visits": 0,
        },
        Object {
          "date": "2022-04-01",
          "pageviews": 0,
          "visits": 0,
        },
        Object {
          "date": "2022-04-02",
          "pageviews": 0,
          "visits": 0,
        },
        Object {
          "date": "2022-04-03",
          "pageviews": 0,
          "visits": 0,
        },
        Object {
          "date": "2022-04-04",
          "pageviews": 0,
          "visits": 0,
        },
      ],
    ],
  ],
  "results": Array [
    Object {
      "type": "return",
      "value": undefined,
    },
  ],
}
`;
