// Jest Snapshot v1, https://goo.gl/fbAQLP

exports[`markdown render link 1`] = `
"[sigle]()
"
`;

exports[`markdown render text 1`] = `
"Hello
"
`;
