// Jest Snapshot v1, https://goo.gl/fbAQLP

exports[`test feed api should work properly 1`] = `
Object {
  "description": "This content was created onÂ app.sigle.io

In just a few words, Sigle is the perfect tool for writers/bloggers to easily createÂ decentralizedÂ content and take notes.
That means no one but you owns your data and published work. It is safe from any censorship and you maintain your privacy and freedom.
...",
  "enclosure": "",
  "guid": "https://app.sigle.io/sigle.btc/L7I4iV6bYQ8WYvuT3RcoM",
  "link": "https://app.sigle.io/sigle.btc/L7I4iV6bYQ8WYvuT3RcoM",
  "pubDate": "Tue, 05 Feb 2019 23:00:00 GMT",
  "title": "Sigle.io: Step by step guide ðŸ¤“",
}
`;

exports[`test feed api should work properly 2`] = `
Object {
  "description": "This guide provides you with everything you need to know about the text editor and page styles. It may change, depending on the added themes or possible updates.
Images
Story cover picture
You can add a cover picture to any stories.
By clicking on the wheel next to the save button on the \\"Edit\\" page...",
  "enclosure": "",
  "guid": "https://app.sigle.io/sigle.btc/0jE9PPqbxU6ptWNxl0Wi-",
  "link": "https://app.sigle.io/sigle.btc/0jE9PPqbxU6ptWNxl0Wi-",
  "pubDate": "Wed, 13 Feb 2019 13:28:00 GMT",
  "title": "Style guide: Text & page editor",
}
`;
