// Jest Snapshot v1, https://goo.gl/fbAQLP

exports[`render blockquote 1`] = `
"> Blockquote

"
`;
