// Jest Snapshot v1, https://goo.gl/fbAQLP

exports[`render heading 1`] = `
"# Title 1
"
`;
