// Jest Snapshot v1, https://goo.gl/fbAQLP

exports[`render image 1`] = `"![](https://gaia.blockstack.org/hub/18D2Jwi8xaF9k1natrajDSsg7gUmr3KQGw/photos/eEb-WTOLPe24j7x8pM5Mm/pWhvyVS2N1vYqHEnFHFxz-Leo.png)"`;
