// Jest Snapshot v1, https://goo.gl/fbAQLP

exports[`render link 1`] = `
"[sigle](https://www.sigle.io)
"
`;
