// Jest Snapshot v1, https://goo.gl/fbAQLP

exports[`render bullet list 1`] = `
"
- List item 1
- List item 2

"
`;

exports[`render numbered list 1`] = `
"
1. List item 1
1. List item 2

"
`;
